// Jest Snapshot v1, https://goo.gl/fbAQLP

exports[`popover handles callbacks 1`] = `1`;

exports[`popover handles callbacks 2`] = `
Array [
  Object {
    "type": "return",
    "value": undefined,
  },
]
`;

exports[`renders as expected 1`] = `
<OverlayTrigger
  containerPadding={25}
  id="question-filter"
  overlay={
    <FilterPopover
      buttonsContainerClass="condition-margin"
      className="wide display-logic-container"
      id="question-filter"
      onSubmit={[MockFunction]}
    >
      <ConditionSetFormField />
    </FilterPopover>
  }
  placement="bottom"
  rootClose={true}
  trigger="click"
>
  <Button
    className="btn-margin-left"
    id="question-filter"
    variant="secondary"
  >
    Question
  </Button>
</OverlayTrigger>
`;
