// Jest Snapshot v1, https://goo.gl/fbAQLP

exports[`popover handles callbacks 1`] = `1`;

exports[`popover handles callbacks 2`] = `
Array [
  Object {
    "type": "return",
    "value": undefined,
  },
]
`;

exports[`renders as expected 1`] = `
<FilterOverlayTrigger
  buttonClass="btn-margin-left"
  hints={Array []}
  id="question-filter"
  overlay={
    <FilterPopover
      buttonsContainerClass="condition-margin"
      className="wide display-logic-container"
      id="question-filter"
      onSubmit={[MockFunction]}
    >
      <ConditionSetFormField />
    </FilterPopover>
  }
  title="Question"
/>
`;
