// Jest Snapshot v1, https://goo.gl/fbAQLP

exports[`popover handles callbacks 1`] = `1`;

exports[`popover handles callbacks 2`] = `
Array [
  Object {
    "type": "return",
    "value": undefined,
  },
]
`;

exports[`renders as expected 1`] = `
<OverlayTrigger
  containerPadding={25}
  id="reviewed-filter"
  overlay={
    <FilterPopover
      id="reviewed-filter"
      onSubmit={[MockFunction]}
    >
      <div>
        <Label>
          Is marked 'reviewed'
        </Label>
      </div>
      <ButtonGroup>
        <Button
          active={true}
          id="yes"
          onClick={[Function]}
          variant="secondary"
        >
          Yes
        </Button>
        <Button
          active={false}
          id="no"
          onClick={[Function]}
          variant="secondary"
        >
          No
        </Button>
        <Button
          active={false}
          id="either"
          onClick={[Function]}
          variant="secondary"
        >
          Either
        </Button>
      </ButtonGroup>
    </FilterPopover>
  }
  placement="bottom"
  rootClose={true}
  trigger="click"
>
  <Button
    className="btn-margin-left"
    id="reviewed-filter"
    variant="secondary"
  >
    Reviewed
  </Button>
</OverlayTrigger>
`;
