// Jest Snapshot v1, https://goo.gl/fbAQLP

exports[`popover handles callbacks 1`] = `
[MockFunction] {
  "calls": Array [
    Array [],
  ],
  "results": Array [
    Object {
      "type": "return",
      "value": undefined,
    },
  ],
}
`;

exports[`renders as expected 1`] = `
<OverlayTrigger
  containerPadding={25}
  id="reviewed-filter"
  overlay={
    <FilterPopover
      id="reviewed-filter"
    >
      <div>
        <Label>
          Is marked 'reviewed'
        </Label>
      </div>
      <ButtonGroup>
        <Button
          active={true}
          id="yes"
          onClick={[Function]}
          variant="secondary"
        >
          Yes
        </Button>
        <Button
          active={false}
          id="no"
          onClick={[Function]}
          variant="secondary"
        >
          No
        </Button>
        <Button
          active={false}
          id="either"
          onClick={[Function]}
          variant="secondary"
        >
          Either
        </Button>
      </ButtonGroup>
      <div
        className="btn-apply-container"
      >
        <Button
          className="btn-apply"
          onClick={[MockFunction]}
        >
          Apply
        </Button>
      </div>
    </FilterPopover>
  }
  placement="bottom"
  rootClose={true}
  trigger="click"
>
  <Button
    className="btn-margin-left"
    id="reviewed-filter"
    variant="secondary"
  >
    Reviewed
  </Button>
</OverlayTrigger>
`;
