// Jest Snapshot v1, https://goo.gl/fbAQLP

exports[`calls changeFunc on change 1`] = `
[MockFunction] {
  "calls": Array [
    Array [
      "item1",
    ],
  ],
  "results": Array [
    Object {
      "isThrow": false,
      "value": undefined,
    },
  ],
}
`;

exports[`renders as expected 1`] = `
<select
  className="form-control"
  defaultValue={null}
  id="root"
  name={null}
  onChange={[Function]}
>
  <option
    value=""
  >
    
  </option>
  <option
    value="item1"
  >
    First
  </option>
  <option
    value="item2"
  >
    Second
  </option>
</select>
`;
