// Jest Snapshot v1, https://goo.gl/fbAQLP

exports[`handles callbacks 1`] = `
[MockFunction] {
  "calls": Array [
    Array [],
  ],
  "results": Array [
    Object {
      "isThrow": false,
      "value": undefined,
    },
  ],
}
`;

exports[`renders as expected 1`] = `
<div>
  <input
    autoComplete="off"
    className="form-control"
    id="search_str"
    name="search"
    onChange={[MockFunction]}
    placeholder="Advanced search"
    type="text"
    value="query"
  />
  <Button
    className="btn-apply"
    onClick={[MockFunction]}
  >
    Search
  </Button>
</div>
`;
