// Jest Snapshot v1, https://goo.gl/fbAQLP

exports[`renders as expected 1`] = `
<OverlayTrigger
  containerPadding={25}
  overlay={
    <Popover>
      <Select2
        data={
          Array [
            Object {
              "id": "1",
              "text": "One",
            },
            Object {
              "id": "2",
              "text": "Two",
            },
          ]
        }
        defaultValue={
          Array [
            "2",
          ]
        }
        options={
          Object {
            "placeholder": "Choose a form",
          }
        }
      />
      <div
        className="btn-apply-container"
      >
        <Button
          className="btn-apply"
        >
          Apply
        </Button>
      </div>
    </Popover>
  }
  placement="bottom"
  rootClose={true}
  trigger="click"
>
  <Button>
    Form
  </Button>
</OverlayTrigger>
`;
