// Jest Snapshot v1, https://goo.gl/fbAQLP

exports[`renders as expected 1`] = `
<OverlayTrigger
  containerPadding={25}
  overlay={
    <Popover>
      <Select2
        data={
          Array [
            "Form A",
            "Form B",
            "Form C",
          ]
        }
        options={
          Object {
            "placeholder": "Choose a form",
          }
        }
      />
    </Popover>
  }
  placement="bottom"
  rootClose={true}
  trigger="click"
>
  <Button>
    Form
  </Button>
</OverlayTrigger>
`;
