// Jest Snapshot v1, https://goo.gl/fbAQLP

exports[`gets url strings (all) 1`] = `"form:(1|2)"`;

exports[`gets url strings (none) 1`] = `""`;

exports[`submits searches 1`] = `[MockFunction]`;

exports[`submits searches 2`] = `
[MockFunction] {
  "calls": Array [
    Array [
      "?search=foo",
    ],
  ],
  "results": Array [
    Object {
      "isThrow": false,
      "value": undefined,
    },
  ],
}
`;
